// Jest Snapshot v1, https://goo.gl/fbAQLP

exports[`<App /> renders and matches our snapshot 1`] = `
<div
  className="App"
>
  <header
    className="App-header"
  >
    <img
      alt="logo"
      className="App-logo"
      src="logo.png"
    />
    <div
      className="mobile-menu"
    >
      <span />
      <span />
      <span />
    </div>
    <input
      className=""
      id="search-bar"
      onChange={[Function]}
      placeholder="Search.."
      type="text"
    />
  </header>
</div>
`;
